[12:34:56] ⚠ global warning
[12:34:56] → specify (navigator) [claude-opus-4-7 via claude]
[12:34:56] → plan (craftsman)
[12:34:56] → tasks (navigator)
[12:34:56] ✓ specify completed (5.0s, 50.0k in / 3.2k out)
[12:34:56] ✓ plan completed (1.5s, 12.3k tokens)
[12:34:56] ✗ implement failed: context exhaustion
[12:34:56] ↻ implement retrying: attempt 2/3
[12:34:56]   specify Executing agent
[12:34:56] ⚠ specify minor warning
[12:34:56]   plan validating contract
