[specify] Starting... (navigator, claude-opus-4-7)
[plan] Starting... (craftsman)
[tasks] Starting... (claude-haiku-4-5)
[checklist] Starting...
[pipe-1] Starting...
[specify] agent invoked
[plan] Running...
[tasks] ✓ Completed (42s)
[checklist] ✓ Completed (5s, 50.0k in / 3.2k out)
[analyze] ✓ Completed (1s, 12.3k tokens)
[implement] ✓ Completed
[implement] ✗ Failed: context exhaustion
[implement] Retrying: attempt 2/3
[implement] Retrying...
[implement] ⚠ workspace cleanup failed
[plan] Contract: PASSED
[plan] Contract: validating
[plan] ✓ Contract: passed
[plan] ✗ Contract: failed
[plan] Contract: soft failure (continuing)
[specify] Read .agents/artifacts/spec.md
[specify] Bash aaaaaaaaaaaaaaaaaaaaaaaaaaaaaaaaaaaaaaaaaaaaaaaaaaaaaaaaa...
[specify] Executing agent
[specify] tokens: 200.0k in / 1.2k out
[specify] progress: 42%
[specify] heartbeat
[specify] ETA: ~1m30s remaining
[specify] ETA: calculating...
[specify] Context compaction in progress...
[specify] fallthrough message
[specify] unknown_state
